<html>
<body>
<pre>
<h1>µVision Build Log</h1>
<h2>Tool Versions:</h2>
IDE-Version: ¶ÃVision V5.23.0.0
Copyright (C) 2017 ARM Ltd and ARM Germany GmbH. All rights reserved.
License Information:    ,      , LIC=HF830-BHJ0M-24KSS-LJ39Z-HFE8D-CZIK3
 
Tool Versions:
Toolchain:       MDK-ARM Professional  Version: 5.23
Toolchain Path:  C:\Keil_v5\ARM\ARMCC\Bin
C Compiler:      Armcc.exe V5.06 update 4 (build 422)
Assembler:       Armasm.exe V5.06 update 4 (build 422)
Linker/Locator:  ArmLink.exe V5.06 update 4 (build 422)
Library Manager: ArmAr.exe V5.06 update 4 (build 422)
Hex Converter:   FromElf.exe V5.06 update 4 (build 422)
CPU DLL:         SARMCM3.DLL V5.23
Dialog DLL:      DCM.DLL V1.15.0.0
Target DLL:      Segger\JL2CM3.dll V2.99.23.0
Dialog DLL:      TCM.DLL V1.27.0.0
 
<h2>Project:</h2>
C:\Users\87689\Desktop\51∫⁄¬€Ã≥_TopApex_4x4æÿ’Ûº¸≈Ã\TopApex_4x4æÿ’Ûº¸≈Ã\øÿ÷∆¿‡≥Ã–ÚøÚº‹\Project\vrunst.uvprojx
Project File Date:  08/08/2017

<h2>Output:</h2>
*** Using Compiler 'V5.06 update 4 (build 422)', folder: 'C:\Keil_v5\ARM\ARMCC\Bin'
Rebuild target 'Target 1'
compiling stm32f10x_it.c...
compiling system_stm32f10x.c...
compiling main.c...
..\User\main.c(27): warning:  #223-D: function "Key_init" declared implicitly
  	Key_init();
..\User\main.c: 1 warning, 0 errors
compiling misc.c...
compiling sch.c...
compiling stm32f10x_adc.c...
compiling stm32f10x_dma.c...
compiling stm32f10x_gpio.c...
compiling stm32f10x_rcc.c...
compiling stm32f10x_usart.c...
compiling stm32f10x_i2c.c...
compiling stm32f10x_tim.c...
assembling startup_stm32f10x_hd.s...
compiling core_cm3.c...
compiling stm32f10x_iwdg.c...
compiling adc.c...
..\Driver\adc.c(29): warning:  #188-D: enumerated type mixed with another type
   {PF,GPIO_Pin_10},{0,0},         {PC,GPIO_Pin_0},{PC,GPIO_Pin_1},{PC,GPIO_Pin_2},{PC,GPIO_Pin_3},{0,0},          {0,0}
..\Driver\adc.c(29): warning:  #188-D: enumerated type mixed with another type
   {PF,GPIO_Pin_10},{0,0},         {PC,GPIO_Pin_0},{PC,GPIO_Pin_1},{PC,GPIO_Pin_2},{PC,GPIO_Pin_3},{0,0},          {0,0}
..\Driver\adc.c(29): warning:  #188-D: enumerated type mixed with another type
   {PF,GPIO_Pin_10},{0,0},         {PC,GPIO_Pin_0},{PC,GPIO_Pin_1},{PC,GPIO_Pin_2},{PC,GPIO_Pin_3},{0,0},          {0,0}
..\Driver\adc.c: 3 warnings, 0 errors
compiling gpio.c...
compiling delay.c...
compiling iwdg.c...
compiling pid.c...
compiling pwm.c...
compiling uart1.c...
compiling mpu6050.c...
compiling inv_mpu.c...
compiling key.c...
compiling inv_mpu_dmp_motion_driver.c...
linking...
Program Size: Code=4702 RO-data=354 RW-data=72 ZI-data=1752  
"..\Output\fourWheel.axf" - 0 Error(s), 4 Warning(s).

<h2>Collection of Component include folders:</h2>
  .\RTE\_Target_1
  C:\Keil_v5\ARM\PACK\Keil\STM32F1xx_DFP\1.1.0\Device\Include

<h2>Collection of Component Files used:</h2>
Build Time Elapsed:  00:00:15
</pre>
</body>
</html>
